// Jest Snapshot v1, https://goo.gl/fbAQLP

exports[`<Alert /> Should render 1`] = `
.c0 {
  background: rgba(255,255,255,0.2);
  border-radius: 0.25rem;
  padding: 0.5rem 2rem;
}

<div>
  <div
    class="c0"
  />
</div>
`;
