// Jest Snapshot v1, https://goo.gl/fbAQLP

exports[`<Row /> Should render 1`] = `
@media (min-width:36em) {
  .c0 {
    display: grid;
    grid-template-columns: repeat(100,1fr);
    grid-gap: 15px;
  }
}

<div>
  <div
    class="c0"
  />
</div>
`;
